// Jest Snapshot v1, https://goo.gl/fbAQLP

exports[`Header matches snapshot 1`] = `
<div
  class="sc-EHOje fWrQAX"
>
  <div
    class="sc-ifAKCX CToAk"
  >
    <h1
      class="sc-bdVaJa bcSwbK"
    >
      <link
        class="sc-bwzfXH gRlGoj"
        to="/"
      >
        Hitarth Sharma
      </link>
    </h1>
    <ul
      class="sc-htpNat bGvYfA"
    >
      <li
        class="sc-bxivhb lmyeQp"
      >
        <link
          class="sc-bwzfXH gRlGoj"
          to="/"
        >
          Home
        </link>
      </li>
      <li
        class="sc-bxivhb lmyeQp"
      >
        <link
          class="sc-bwzfXH gRlGoj"
          to="/about"
        >
          About
        </link>
      </li>
    </ul>
  </div>
</div>
`;
