// Jest Snapshot v1, https://goo.gl/fbAQLP

exports[`Post list item matches snapshot 1`] = `
.c2 {
  color: #bbb;
  display: -webkit-box;
  display: -webkit-flex;
  display: -ms-flexbox;
  display: flex;
  -webkit-box-pack: justify;
  -webkit-justify-content: space-between;
  -ms-flex-pack: justify;
  justify-content: space-between;
  -webkit-flex: 1;
  -ms-flex: 1;
  flex: 1;
  margin-top: 1.175rem;
}

.c1 {
  margin-top: 1.175rem;
}

.c0 {
  color: inherit;
}

<link
  class="c0"
  to="my-test-post"
>
  <h3
    class="c1"
    data-testid="postTitle"
  >
    My test post
  </h3>
  <h5
    class="c2"
  >
    <span
      data-testid="postDate"
    >
      21 October, 2018
    </span>
    <span
      data-testid="timeToRead"
    >
      3 mins.
    </span>
  </h5>
  <p
    data-testid="postExcerpt"
  >
    This is the excerpt
  </p>
</link>
`;
